// Jest Snapshot v1, https://goo.gl/fbAQLP

exports[`ColorBox should match Snapshot 1`] = `ShallowWrapper {}`;
