// Jest Snapshot v1, https://goo.gl/fbAQLP

exports[`App should match Snapshot 1`] = `
<div
  className="app"
>
  <ConnectFunction />
  <ConnectFunction
    checkLockedColors={[Function]}
  />
</div>
`;
