// Jest Snapshot v1, https://goo.gl/fbAQLP

exports[`Palette should match Snapshot 1`] = `ShallowWrapper {}`;

exports[`Palette should match snapshot 1`] = `undefined`;

exports[`Palette should work 1`] = `ShallowWrapper {}`;
